Vajra AI - SIH 2025